// Jest Snapshot v1, https://goo.gl/fbAQLP

exports[`Footer changes the class when hovered 1`] = `
<div
  className="Footer-footer"
>
  <strong
    className="Footer-center-span"
  >
    <button
      className="Footer-button"
      onClick={[Function]}
    >
      title
    </button>
  </strong>
</div>
`;
